
[1m[46m RUN [49m[22m [36mv4.0.18 [39m[90mC:/Users/Desktop-Dev/Desktop/resolver[39m

[90mstdout[2m | src/modules/StemSeparationModule.test.tsx[2m > [22m[2mStemSeparationModule[2m > [22m[2mloads workflow on mount
[22m[39m[Essentia] Initialised ÔÇö version 2.1-beta6-dev

[90mstdout[2m | src/modules/StemSeparationModule.test.tsx[2m > [22m[2mStemSeparationModule[2m > [22m[2mruns separation and saves stems to project
[22m[39m[StemSeparation] Loaded markers from project: []

 [31mÔØ»[39m src/modules/StemSeparationModule.test.tsx [2m([22m[2m5 tests[22m[2m | [22m[31m5 failed[39m[2m)[22m[33m 2068[2mms[22m[39m
[31m     [31m├ù[31m renders and checks connection[39m[32m 25[2mms[22m[39m
[31m     [31m├ù[31m loads workflow on mount[39m[33m 1011[2mms[22m[39m
[31m     [31m├ù[31m creates project on file drop if no active project[39m[32m 10[2mms[22m[39m
[31m     [31m├ù[31m updates output folder via IPC[39m[32m 3[2mms[22m[39m
[31m     [31m├ù[31m runs separation and saves stems to project[39m[33m 1016[2mms[22m[39m

[2m Test Files [22m [1m[31m1 failed[39m[22m[90m (1)[39m
[2m      Tests [22m [1m[31m5 failed[39m[22m[90m (5)[39m
[2m   Start at [22m 09:58:29
[2m   Duration [22m 2.91s[2m (transform 286ms, setup 71ms, import 190ms, tests 2.07s, environment 469ms)[22m

